<testsuites id="" name="" tests="15" failures="0" skipped="0" errors="0" time="15.824836">
<testsuite name="api/sample-api.spec.ts" timestamp="2025-06-10T15:22:39.021Z" hostname="Chromium" tests="1" failures="0" skipped="0" time="0.278" errors="0">
<testcase name="Sample API Test - Status 200 from example endpoint" classname="api/sample-api.spec.ts" time="0.278">
</testcase>
</testsuite>
<testsuite name="ui/login.spec.ts" timestamp="2025-06-10T15:22:39.021Z" hostname="Chromium" tests="4" failures="0" skipped="0" time="3.969" errors="0">
<testcase name="@ui @positive › QA1 - User can login with valid credentials" classname="ui/login.spec.ts" time="1.215">
</testcase>
<testcase name="@ui @positive › QA2 - User can login and see inventory page" classname="ui/login.spec.ts" time="0.926">
</testcase>
<testcase name="@ui @negative › QA3 - User sees error with invalid credentials" classname="ui/login.spec.ts" time="0.86">
</testcase>
<testcase name="@ui @negative › QA4 - User sees error with valid username invalid password" classname="ui/login.spec.ts" time="0.968">
</testcase>
</testsuite>
<testsuite name="api/sample-api.spec.ts" timestamp="2025-06-10T15:22:39.021Z" hostname="Firefox" tests="1" failures="0" skipped="0" time="0.276" errors="0">
<testcase name="Sample API Test - Status 200 from example endpoint" classname="api/sample-api.spec.ts" time="0.276">
</testcase>
</testsuite>
<testsuite name="ui/login.spec.ts" timestamp="2025-06-10T15:22:39.021Z" hostname="Firefox" tests="4" failures="0" skipped="0" time="6.902" errors="0">
<testcase name="@ui @positive › QA1 - User can login with valid credentials" classname="ui/login.spec.ts" time="3.466">
</testcase>
<testcase name="@ui @positive › QA2 - User can login and see inventory page" classname="ui/login.spec.ts" time="1.254">
</testcase>
<testcase name="@ui @negative › QA3 - User sees error with invalid credentials" classname="ui/login.spec.ts" time="1.154">
</testcase>
<testcase name="@ui @negative › QA4 - User sees error with valid username invalid password" classname="ui/login.spec.ts" time="1.028">
</testcase>
</testsuite>
<testsuite name="api/sample-api.spec.ts" timestamp="2025-06-10T15:22:39.021Z" hostname="WebKit" tests="1" failures="0" skipped="0" time="0.211" errors="0">
<testcase name="Sample API Test - Status 200 from example endpoint" classname="api/sample-api.spec.ts" time="0.211">
</testcase>
</testsuite>
<testsuite name="ui/login.spec.ts" timestamp="2025-06-10T15:22:39.021Z" hostname="WebKit" tests="4" failures="0" skipped="0" time="5.078" errors="0">
<testcase name="@ui @positive › QA1 - User can login with valid credentials" classname="ui/login.spec.ts" time="2.048">
</testcase>
<testcase name="@ui @positive › QA2 - User can login and see inventory page" classname="ui/login.spec.ts" time="1.106">
</testcase>
<testcase name="@ui @negative › QA3 - User sees error with invalid credentials" classname="ui/login.spec.ts" time="0.99">
</testcase>
<testcase name="@ui @negative › QA4 - User sees error with valid username invalid password" classname="ui/login.spec.ts" time="0.934">
</testcase>
</testsuite>
</testsuites>